// Jest Snapshot v1, https://goo.gl/fbAQLP

exports[`ApplicationDefinition should render application definition 1`] = `
<span>
  <MessageDialog
    accessibleDescription=""
    accessibleName=""
    className=""
    enforceFocus={true}
    footer={null}
    icon={
      <Icon
        name="error-circle-o"
        type="pf"
      />
    }
    onHide={[Function]}
    primaryAction={[Function]}
    primaryActionButtonBsStyle="danger"
    primaryActionButtonContent="OK"
    primaryContent=""
    secondaryAction={[Function]}
    secondaryActionButtonBsStyle="default"
    secondaryActionButtonContent={null}
    secondaryContent={null}
    show={false}
    title=""
  />
  <div>
    <AnsiblePlaybookSelector
      additionalData={
        Object {
          "url": "url/does/not/exist",
        }
      }
      editable={false}
      hidden={false}
      label="Ansible Playbook"
      onChange={[Function]}
      selectValue=""
      viewText=""
    />
    <div
      style={
        Object {
          "paddingTop": 25,
        }
      }
    >
      <pre>
        Ansible Playbook can't be blank
      </pre>
    </div>
  </div>
  <div
    className="form-group"
  >
    <TablePfProvider
      bordered={true}
      className=""
      columns={Array []}
      components={
        Object {
          "body": Object {
            "cell": [Function],
            "row": [Function],
          },
        }
      }
      condensed={false}
      dataTable={true}
      hover={true}
      inlineEdit={true}
      striped={true}
    >
      <Header
        headerRows={
          Array [
            Array [],
          ]
        }
      />
      <Body
        onRow={[Function]}
        rowKey="id"
        rows={Array []}
      />
    </TablePfProvider>
    <AddTableEntry
      disabled={true}
      hidden={false}
      onAddTableEntry={[Function]}
    />
    <span
      style={
        Object {
          "marginLeft": 30,
        }
      }
    >
      Ansible group vars 'all':
      <Button
        active={false}
        block={false}
        bsClass="btn"
        bsStyle="default"
        disabled={false}
        onClick={[Function]}
        style={
          Object {
            "marginLeft": 10,
          }
        }
      >
        <span
          title="change ansible variables for 'all'"
        >
          A
        </span>
      </Button>
    </span>
  </div>
  <div>
    <ForemanModal
      dialogClassName="param_selection_modal"
      id="AppDefinitionForemanParamSelection"
      title="Foreman Parameter definition for Application Definition"
    >
      <Header
        closeButton={false}
      >
        Parameter definition
      </Header>
      <Connect(ParameterSelection)
        data={Object {}}
        editModeCallback={[Function]}
        location="Default Location"
        organization="Default Organization"
        paramDataUrl="url/does/not/exist"
        paramType="PARAMETER_SELECTION_PARAM_TYPE_FOREMAN"
      />
      <Footer>
        <div>
          <Button
            active={false}
            block={false}
            bsClass="btn"
            bsStyle="primary"
            disabled={false}
            onClick={[Function]}
          >
            Save
          </Button>
          <Button
            active={false}
            block={false}
            bsClass="btn"
            bsStyle="default"
            disabled={false}
            onClick={[Function]}
          >
            Cancel
          </Button>
        </div>
      </Footer>
    </ForemanModal>
  </div>
  <div>
    <ForemanModal
      dialogClassName="param_selection_modal"
      id="AppDefinitionAnsibleParamSelection"
      title="Ansible variables for Application Definition"
    >
      <Header
        closeButton={false}
      >
        Parameter definition
      </Header>
      <Connect(ParameterSelection)
        data={Object {}}
        editModeCallback={[Function]}
        location="Default Location"
        organization="Default Organization"
        paramType="PARAMETER_SELECTION_PARAM_TYPE_ANSIBLE"
      />
      <Footer>
        <div>
          <Button
            active={false}
            block={false}
            bsClass="btn"
            bsStyle="primary"
            disabled={false}
            onClick={[Function]}
          >
            Save
          </Button>
          <Button
            active={false}
            block={false}
            bsClass="btn"
            bsStyle="default"
            disabled={false}
            onClick={[Function]}
          >
            Cancel
          </Button>
        </div>
      </Footer>
    </ForemanModal>
  </div>
  <RailsData
    key="application_definition_services_data"
    parameter="services"
    value="[]"
    view="app_definition"
  />
  <RailsData
    key="application_definition_ansible_data"
    parameter="ansible_vars_all"
    value="[]"
    view="app_definition"
  />
</span>
`;
