// Jest Snapshot v1, https://goo.gl/fbAQLP

exports[`ApplicationInstanceReport should render application instance report 1`] = `
<span>
  <div
    className="deploy_status"
  >
    <div>
      <div
        className="deploy_status_head"
      >
        Deployment task
      </div>
      <div
        className="deploy_status_content"
      >
        <a
          href="deploy/task/url"
        >
          Last deployment task
        </a>
      </div>
    </div>
    <div>
      <div
        className="deploy_status_head"
      >
        Configuration job
      </div>
      <div
        className="deploy_status_content"
      >
        <a
          href="configure/job/url"
        >
          Configuration jobs
        </a>
      </div>
    </div>
  </div>
  <div
    className="deploy_report_hosts"
  >
    Hosts
    <VerticalTabs
      activeTab={false}
      className=""
      id="vertical_tabs"
      restrictTabs={false}
    >
      <VerticalTabsTab
        active={true}
        className=""
        hasActiveDescendant={false}
        id={0}
        key="vt_tab_0"
        onActivate={[Function]}
        shown={false}
        title="great-web-app-db-1"
        wrapStyle="nowrap"
      />
      <VerticalTabsTab
        active={false}
        className=""
        hasActiveDescendant={false}
        id={1}
        key="vt_tab_1"
        onActivate={[Function]}
        shown={false}
        title="great-web-app-web-1"
        wrapStyle="nowrap"
      />
      <VerticalTabsTab
        active={false}
        className=""
        hasActiveDescendant={false}
        id={2}
        key="vt_tab_2"
        onActivate={[Function]}
        shown={false}
        title="great-web-app-web-2"
        wrapStyle="nowrap"
      />
    </VerticalTabs>
  </div>
  <div
    className="deploy_report_status"
  >
    <div>
      <span>
        Host: 
        <a
          href="/hosts/great-web-app-db-1.deploy3.dev.atix"
        >
          great-web-app-db-1
        </a>
      </span>
      <span>
         | 
      </span>
      <span>
        State: 
        Deployed
      </span>
      <span>
         | 
      </span>
      <span>
        Power Status: 
        <Component
          data={
            Object {
              "id": 8,
              "url": "/api/v2/hosts/great-web-app-db-1.deploy3.dev.atix/power",
            }
          }
          key="power_status_8"
        />
      </span>
    </div>
  </div>
  <div
    className="deploy_report_tasks"
  >
    <ReportViewer
      report={Array []}
    />
  </div>
</span>
`;
