// Jest Snapshot v1, https://goo.gl/fbAQLP

exports[`ParameterSelection should render ansible parameter selection 1`] = `
<div>
  <div
    className="clearfix"
  >
    <div
      className="form-group"
    >
      <TablePfProvider
        bordered={true}
        className=""
        columns={Array []}
        components={
          Object {
            "body": Object {
              "cell": [Function],
              "row": [Function],
            },
            "header": Object {
              "cell": [Function],
            },
          }
        }
        condensed={false}
        dataTable={true}
        hover={true}
        inlineEdit={true}
        striped={true}
      >
        <Header
          headerRows={
            Array [
              Array [],
            ]
          }
        />
        <Body
          onRow={[Function]}
          rowKey="id"
          rows={Array []}
        />
      </TablePfProvider>
      <AddTableEntry
        disabled={false}
        hidden={false}
        onAddTableEntry={[Function]}
      />
    </div>
  </div>
  <div>
    <ForemanModal
      dialogClassName="complex_data_modal"
      id="ParameterSelectionComplexDataModal"
      title="YAML Data Input"
    >
      <Header
        closeButton={false}
      />
      <textarea
        defaultValue=""
        id="yamlData"
        onChange={[Function]}
        style={
          Object {
            "height": "350px",
            "width": "550px",
          }
        }
      />
      <Footer>
        <div>
          <div />
          <Button
            active={false}
            block={false}
            bsClass="btn"
            bsStyle="primary"
            disabled={false}
            onClick={[Function]}
          >
            Save
          </Button>
          <Button
            active={false}
            block={false}
            bsClass="btn"
            bsStyle="default"
            disabled={false}
            onClick={[Function]}
          >
            Cancel
          </Button>
        </div>
      </Footer>
    </ForemanModal>
  </div>
</div>
`;

exports[`ParameterSelection should render foreman parameter selection 1`] = `
<div>
  <div
    className="clearfix"
  >
    <div
      className="form-group"
    >
      <TablePfProvider
        bordered={true}
        className=""
        columns={Array []}
        components={
          Object {
            "body": Object {
              "cell": [Function],
              "row": [Function],
            },
            "header": Object {
              "cell": [Function],
            },
          }
        }
        condensed={false}
        dataTable={true}
        hover={true}
        inlineEdit={true}
        striped={true}
      >
        <Header
          headerRows={
            Array [
              Array [],
            ]
          }
        />
        <Body
          onRow={[Function]}
          rowKey="id"
          rows={Array []}
        />
      </TablePfProvider>
      <AddTableEntry
        disabled={false}
        hidden={false}
        onAddTableEntry={[Function]}
      />
    </div>
  </div>
  <div>
    <ForemanModal
      dialogClassName="complex_data_modal"
      id="ParameterSelectionComplexDataModal"
      title="YAML Data Input"
    >
      <Header
        closeButton={false}
      />
      <textarea
        defaultValue=""
        id="yamlData"
        onChange={[Function]}
        style={
          Object {
            "height": "350px",
            "width": "550px",
          }
        }
      />
      <Footer>
        <div>
          <div />
          <Button
            active={false}
            block={false}
            bsClass="btn"
            bsStyle="primary"
            disabled={false}
            onClick={[Function]}
          >
            Save
          </Button>
          <Button
            active={false}
            block={false}
            bsClass="btn"
            bsStyle="default"
            disabled={false}
            onClick={[Function]}
          >
            Cancel
          </Button>
        </div>
      </Footer>
    </ForemanModal>
  </div>
</div>
`;
